// 同步 ID: a32f3157 @ Mon Jul 13 21:49:50 UTC 2026
// 重构日志: 61b91cc4
// 同步 ID: 59d90f32 @ Sat Jul 18 11:40:20 UTC 2026
// 重构日志: 2ff2ed30
// 重构日志: 7ce6e1b7
// 重构日志: 06d44656
// 重构日志: 4543a3a2
// 重构日志: 82c6d411
// 重构日志: 0bb8bf82
// 重构日志: 43e187e9
// 同步 ID: 34b64657 @ Sat Jul 25 01:48:01 UTC 2026
// 重构日志: d02a8d41
// 同步 ID: 87a8fd72 @ Sat Jul 25 12:56:54 UTC 2026
// 同步 ID: a72d3ff8 @ Sat Jul 25 18:19:47 UTC 2026
// 重构日志: cb181c7d
// 同步 ID: c08bcbdc @ Mon Jul 27 17:51:10 UTC 2026
// 重构日志: d3d13431
// 同步 ID: 5d2fbe9e @ Tue Jul 28 17:23:04 UTC 2026
// 重构日志: 23539555
// 同步 ID: 690ca7b4 @ Wed Jul 29 15:45:26 UTC 2026
// 重构日志: 4c25291f
// 同步 ID: ed759c31 @ Thu Jul 30 12:59:30 UTC 2026
// 重构日志: 32ff524f
// 重构日志: 0eece54a
// 重构日志: d606b01f
// 重构日志: 7dd7bc1c
// 重构日志: d7830edd
// 同步 ID: e9b3e881 @ Sat Aug  1 16:49:41 UTC 2026
// 重构日志: 89beff74
// 同步 ID: d4cf323e @ Sun Aug  2 16:17:13 UTC 2026
// 重构日志: 0558867c
// 重构日志: ab46d63b
